BL51 BANKED LINKER/LOCATER V6.22.4.0                                                    06/01/2026  20:56:07  PAGE 1


BL51 BANKED LINKER/LOCATER V6.22.4.0, INVOKED BY:
C:\KEIL_V5\C51\BIN\BL51.EXE .\Objects\STARTUP.obj, .\Objects\s.obj TO .\Objects\s PRINT (.\Listings\s.m51)


MEMORY MODEL: SMALL


INPUT MODULES INCLUDED:
  .\Objects\STARTUP.obj (?C_STARTUP)
  .\Objects\s.obj (S)
  C:\KEIL_V5\C51\LIB\C51S.LIB (?C?SLCMP)


LINK MAP OF MODULE:  .\Objects\s (?C_STARTUP)


            TYPE    BASE      LENGTH    RELOCATION   SEGMENT NAME
            -----------------------------------------------------

            * * * * * * *   D A T A   M E M O R Y   * * * * * * *
            REG     0000H     0008H     ABSOLUTE     "REG BANK 0"
            IDATA   0008H     0001H     UNIT         ?STACK

            * * * * * * *   C O D E   M E M O R Y   * * * * * * *
            CODE    0000H     0003H     ABSOLUTE     
                    0003H     07FDH                  *** GAP ***
            CODE    0800H     001AH     UNIT         ?PR?DELAY?S
            CODE    081AH     0016H     UNIT         ?C?LIB_CODE
            CODE    0830H     000CH     UNIT         ?C_C51STARTUP
            CODE    083CH     000CH     UNIT         ?PR?MAIN?S



OVERLAY MAP OF MODULE:   .\Objects\s (?C_STARTUP)


SEGMENT
  +--> CALLED SEGMENT
---------------------
?C_C51STARTUP
  +--> ?PR?MAIN?S

?PR?MAIN?S
  +--> ?PR?DELAY?S



SYMBOL TABLE OF MODULE:  .\Objects\s (?C_STARTUP)

  VALUE           TYPE          NAME
  ----------------------------------

  -------         MODULE        ?C_STARTUP
  C:0830H         SEGMENT       ?C_C51STARTUP
  I:0008H         SEGMENT       ?STACK
  C:0000H         PUBLIC        ?C_STARTUP
  D:00E0H         SYMBOL        ACC
  D:00F0H         SYMBOL        B
BL51 BANKED LINKER/LOCATER V6.22.4.0                                                  06/01/2026  20:56:07  PAGE 2


  D:0083H         SYMBOL        DPH
  D:0082H         SYMBOL        DPL
  N:0000H         SYMBOL        IBPSTACK
  N:0100H         SYMBOL        IBPSTACKTOP
  N:0080H         SYMBOL        IDATALEN
  C:0833H         SYMBOL        IDATALOOP
  N:0000H         SYMBOL        PBPSTACK
  N:0100H         SYMBOL        PBPSTACKTOP
  N:0000H         SYMBOL        PDATALEN
  N:0000H         SYMBOL        PDATASTART
  N:0000H         SYMBOL        PPAGE
  N:0000H         SYMBOL        PPAGEENABLE
  D:00A0H         SYMBOL        PPAGE_SFR
  D:0081H         SYMBOL        SP
  C:0830H         SYMBOL        STARTUP1
  N:0000H         SYMBOL        XBPSTACK
  N:0000H         SYMBOL        XBPSTACKTOP
  N:0000H         SYMBOL        XDATALEN
  N:0000H         SYMBOL        XDATASTART
  C:0000H         LINE#         126
  C:0830H         LINE#         133
  C:0832H         LINE#         134
  C:0833H         LINE#         135
  C:0834H         LINE#         136
  C:0836H         LINE#         185
  C:0839H         LINE#         196
  -------         ENDMOD        ?C_STARTUP

  -------         MODULE        S
  C:0000H         SYMBOL        _ICE_DUMMY_
  D:0090H         PUBLIC        P1
  B:0090H.0       PUBLIC        Wave
  C:083CH         PUBLIC        main
  C:0800H         PUBLIC        Delay
  -------         PROC          DELAY
  -------         DO            
  D:0082H         SYMBOL        i
  -------         ENDDO         
  C:0800H         LINE#         5
  C:0800H         LINE#         6
  C:0800H         LINE#         8
  C:0819H         LINE#         9
  -------         ENDPROC       DELAY
  -------         PROC          MAIN
  C:083CH         LINE#         11
  C:083CH         LINE#         12
  C:083CH         LINE#         13
  C:083CH         LINE#         14
  C:083CH         LINE#         15
  C:083EH         LINE#         16
  C:0841H         LINE#         18
  C:0843H         LINE#         19
  C:0846H         LINE#         20
  -------         ENDPROC       MAIN
  -------         ENDMOD        S

  -------         MODULE        ?C?SLCMP
BL51 BANKED LINKER/LOCATER V6.22.4.0                                                  06/01/2026  20:56:07  PAGE 3


  C:081AH         PUBLIC        ?C?SLCMP
  -------         ENDMOD        ?C?SLCMP

******************************************************************************
* RESTRICTED VERSION WITH 0800H BYTE CODE SIZE LIMIT; USED: 0035H BYTE ( 2%) *
******************************************************************************

Program Size: data=9.0 xdata=0 code=75
LINK/LOCATE RUN COMPLETE.  0 WARNING(S),  0 ERROR(S)
