C51 COMPILER V9.60.7.0   SUMOFF10INT                                                       05/16/2026 23:08:00 PAGE 1   


C51 COMPILER V9.60.7.0, COMPILATION OF MODULE SUMOFF10INT
OBJECT MODULE PLACED IN .\Objects\sumoff10int.obj
COMPILER INVOKED BY: C:\Keil_v5\C51\BIN\C51.EXE sumoff10int.c OPTIMIZE(8,SPEED) BROWSE DEBUG OBJECTEXTEND PRINT(.\Listin
                    -gs\sumoff10int.lst) TABS(2) OBJECT(.\Objects\sumoff10int.obj)

line level    source

   1          #include <reg51.h>
   2          void main(){
   3   1        unsigned int i,sum;
   4   1        P0 = 0x00;
   5   1        sum = P0;
   6   1        for(i=0; i<10; i++)
   7   1        {
   8   2          sum = sum + i;
   9   2          P0 = sum;
  10   2        }
  11   1        P1 = sum;
  12   1      }


MODULE INFORMATION:   STATIC OVERLAYABLE
   CODE SIZE        =     30    ----
   CONSTANT SIZE    =   ----    ----
   XDATA SIZE       =   ----    ----
   PDATA SIZE       =   ----    ----
   DATA SIZE        =   ----    ----
   IDATA SIZE       =   ----    ----
   BIT SIZE         =   ----    ----
END OF MODULE INFORMATION.


C51 COMPILATION COMPLETE.  0 WARNING(S),  0 ERROR(S)
