BL51 BANKED LINKER/LOCATER V6.22.4.0                                                    05/16/2026  23:08:03  PAGE 1


BL51 BANKED LINKER/LOCATER V6.22.4.0, INVOKED BY:
C:\KEIL_V5\C51\BIN\BL51.EXE .\Objects\STARTUP.obj, .\Objects\sumoff10int.obj TO .\Objects\sumoff10int PRINT (.\Listings\
>> sumoff10int.m51)


MEMORY MODEL: SMALL


INPUT MODULES INCLUDED:
  .\Objects\STARTUP.obj (?C_STARTUP)
  .\Objects\sumoff10int.obj (SUMOFF10INT)


LINK MAP OF MODULE:  .\Objects\sumoff10int (?C_STARTUP)


            TYPE    BASE      LENGTH    RELOCATION   SEGMENT NAME
            -----------------------------------------------------

            * * * * * * *   D A T A   M E M O R Y   * * * * * * *
            REG     0000H     0008H     ABSOLUTE     "REG BANK 0"
            IDATA   0008H     0001H     UNIT         ?STACK

            * * * * * * *   C O D E   M E M O R Y   * * * * * * *
            CODE    0000H     0003H     ABSOLUTE     
                    0003H     07FDH                  *** GAP ***
            CODE    0800H     001EH     UNIT         ?PR?MAIN?SUMOFF10INT
            CODE    081EH     000CH     UNIT         ?C_C51STARTUP



OVERLAY MAP OF MODULE:   .\Objects\sumoff10int (?C_STARTUP)


SEGMENT
  +--> CALLED SEGMENT
---------------------
?C_C51STARTUP
  +--> ?PR?MAIN?SUMOFF10INT



SYMBOL TABLE OF MODULE:  .\Objects\sumoff10int (?C_STARTUP)

  VALUE           TYPE          NAME
  ----------------------------------

  -------         MODULE        ?C_STARTUP
  C:081EH         SEGMENT       ?C_C51STARTUP
  I:0008H         SEGMENT       ?STACK
  C:0000H         PUBLIC        ?C_STARTUP
  D:00E0H         SYMBOL        ACC
  D:00F0H         SYMBOL        B
  D:0083H         SYMBOL        DPH
  D:0082H         SYMBOL        DPL
  N:0000H         SYMBOL        IBPSTACK
  N:0100H         SYMBOL        IBPSTACKTOP
  N:0080H         SYMBOL        IDATALEN
BL51 BANKED LINKER/LOCATER V6.22.4.0                                                  05/16/2026  23:08:03  PAGE 2


  C:0821H         SYMBOL        IDATALOOP
  N:0000H         SYMBOL        PBPSTACK
  N:0100H         SYMBOL        PBPSTACKTOP
  N:0000H         SYMBOL        PDATALEN
  N:0000H         SYMBOL        PDATASTART
  N:0000H         SYMBOL        PPAGE
  N:0000H         SYMBOL        PPAGEENABLE
  D:00A0H         SYMBOL        PPAGE_SFR
  D:0081H         SYMBOL        SP
  C:081EH         SYMBOL        STARTUP1
  N:0000H         SYMBOL        XBPSTACK
  N:0000H         SYMBOL        XBPSTACKTOP
  N:0000H         SYMBOL        XDATALEN
  N:0000H         SYMBOL        XDATASTART
  C:0000H         LINE#         126
  C:081EH         LINE#         133
  C:0820H         LINE#         134
  C:0821H         LINE#         135
  C:0822H         LINE#         136
  C:0824H         LINE#         185
  C:0827H         LINE#         196
  -------         ENDMOD        ?C_STARTUP

  -------         MODULE        SUMOFF10INT
  C:0000H         SYMBOL        _ICE_DUMMY_
  D:0080H         PUBLIC        P0
  D:0090H         PUBLIC        P1
  C:0800H         PUBLIC        main
  -------         PROC          MAIN
  -------         DO            
  D:0004H         SYMBOL        i
  D:0006H         SYMBOL        sum
  -------         ENDDO         
  C:0800H         LINE#         2
  C:0800H         LINE#         4
  C:0803H         LINE#         5
  C:0806H         LINE#         6
  C:0808H         LINE#         7
  C:0808H         LINE#         8
  C:080EH         LINE#         9
  C:0810H         LINE#         10
  C:081BH         LINE#         11
  C:081DH         LINE#         12
  -------         ENDPROC       MAIN
  -------         ENDMOD        SUMOFF10INT

******************************************************************************
* RESTRICTED VERSION WITH 0800H BYTE CODE SIZE LIMIT; USED: 002DH BYTE ( 2%) *
******************************************************************************

Program Size: data=9.0 xdata=0 code=45
LINK/LOCATE RUN COMPLETE.  0 WARNING(S),  0 ERROR(S)
