BL51 BANKED LINKER/LOCATER V6.22.4.0                                                    05/16/2026  23:13:27  PAGE 1


BL51 BANKED LINKER/LOCATER V6.22.4.0, INVOKED BY:
C:\KEIL_V5\C51\BIN\BL51.EXE .\Objects\STARTUP.obj, .\Objects\factorialnumber.obj TO .\Objects\factorialnumber PRINT (.\L
>> istings\factorialnumber.m51)


MEMORY MODEL: SMALL


INPUT MODULES INCLUDED:
  .\Objects\STARTUP.obj (?C_STARTUP)
  .\Objects\factorialnumber.obj (FACTORIALNUMBER)
  C:\KEIL_V5\C51\LIB\C51S.LIB (?C?IMUL)


LINK MAP OF MODULE:  .\Objects\factorialnumber (?C_STARTUP)


            TYPE    BASE      LENGTH    RELOCATION   SEGMENT NAME
            -----------------------------------------------------

            * * * * * * *   D A T A   M E M O R Y   * * * * * * *
            REG     0000H     0008H     ABSOLUTE     "REG BANK 0"
            DATA    0008H     0002H     UNIT         _DATA_GROUP_
            IDATA   000AH     0001H     UNIT         ?STACK

            * * * * * * *   C O D E   M E M O R Y   * * * * * * *
            CODE    0000H     0003H     ABSOLUTE     
                    0003H     07FDH                  *** GAP ***
            CODE    0800H     002BH     UNIT         ?PR?MAIN?FACTORIALNUMBER
            CODE    082BH     0012H     UNIT         ?C?LIB_CODE
            CODE    083DH     000CH     UNIT         ?C_C51STARTUP



OVERLAY MAP OF MODULE:   .\Objects\factorialnumber (?C_STARTUP)


SEGMENT                            DATA_GROUP 
  +--> CALLED SEGMENT            START    LENGTH
------------------------------------------------
?C_C51STARTUP                    -----    -----
  +--> ?PR?MAIN?FACTORIALNUMBER

?PR?MAIN?FACTORIALNUMBER         0008H    0002H



SYMBOL TABLE OF MODULE:  .\Objects\factorialnumber (?C_STARTUP)

  VALUE           TYPE          NAME
  ----------------------------------

  -------         MODULE        ?C_STARTUP
  C:083DH         SEGMENT       ?C_C51STARTUP
  I:000AH         SEGMENT       ?STACK
  C:0000H         PUBLIC        ?C_STARTUP
  D:00E0H         SYMBOL        ACC
  D:00F0H         SYMBOL        B
BL51 BANKED LINKER/LOCATER V6.22.4.0                                                  05/16/2026  23:13:27  PAGE 2


  D:0083H         SYMBOL        DPH
  D:0082H         SYMBOL        DPL
  N:0000H         SYMBOL        IBPSTACK
  N:0100H         SYMBOL        IBPSTACKTOP
  N:0080H         SYMBOL        IDATALEN
  C:0840H         SYMBOL        IDATALOOP
  N:0000H         SYMBOL        PBPSTACK
  N:0100H         SYMBOL        PBPSTACKTOP
  N:0000H         SYMBOL        PDATALEN
  N:0000H         SYMBOL        PDATASTART
  N:0000H         SYMBOL        PPAGE
  N:0000H         SYMBOL        PPAGEENABLE
  D:00A0H         SYMBOL        PPAGE_SFR
  D:0081H         SYMBOL        SP
  C:083DH         SYMBOL        STARTUP1
  N:0000H         SYMBOL        XBPSTACK
  N:0000H         SYMBOL        XBPSTACKTOP
  N:0000H         SYMBOL        XDATALEN
  N:0000H         SYMBOL        XDATASTART
  C:0000H         LINE#         126
  C:083DH         LINE#         133
  C:083FH         LINE#         134
  C:0840H         LINE#         135
  C:0841H         LINE#         136
  C:0843H         LINE#         185
  C:0846H         LINE#         196
  -------         ENDMOD        ?C_STARTUP

  -------         MODULE        FACTORIALNUMBER
  C:0000H         SYMBOL        _ICE_DUMMY_
  D:0080H         PUBLIC        P0
  D:0090H         PUBLIC        P1
  D:00A0H         PUBLIC        P2
  C:0800H         PUBLIC        main
  -------         PROC          MAIN
  -------         DO            
  D:0002H         SYMBOL        i
  D:0008H         SYMBOL        n
  D:0006H         SYMBOL        fact
  -------         ENDDO         
  C:0800H         LINE#         2
  C:0800H         LINE#         3
  C:0800H         LINE#         5
  C:0807H         LINE#         6
  C:080BH         LINE#         7
  C:0818H         LINE#         8
  C:0818H         LINE#         9
  C:081FH         LINE#         10
  C:0821H         LINE#         11
  C:0828H         LINE#         12
  C:082AH         LINE#         13
  -------         ENDPROC       MAIN
  -------         ENDMOD        FACTORIALNUMBER

  -------         MODULE        ?C?IMUL
  C:082BH         PUBLIC        ?C?IMUL
  -------         ENDMOD        ?C?IMUL
BL51 BANKED LINKER/LOCATER V6.22.4.0                                                  05/16/2026  23:13:27  PAGE 3



******************************************************************************
* RESTRICTED VERSION WITH 0800H BYTE CODE SIZE LIMIT; USED: 003AH BYTE ( 2%) *
******************************************************************************

Program Size: data=11.0 xdata=0 code=76
LINK/LOCATE RUN COMPLETE.  0 WARNING(S),  0 ERROR(S)
