A51 MACRO ASSEMBLER  DIVELEMENT                                                           05/17/2026 00:29:55 PAGE     1


MACRO ASSEMBLER A51 V8.2.7.0
OBJECT MODULE PLACED IN .\Objects\divelement.obj
ASSEMBLER INVOKED BY: C:\Keil_v5\C51\BIN\A51.EXE divelement.s SET(SMALL) DEBUG PRINT(.\Listings\divelement.lst) OBJECT(.
                      \Objects\divelement.obj) EP

LOC  OBJ            LINE     SOURCE

0000                   1     ORG 0000H
0000 802E              2     SJMP 0030H
0030                   3     ORG 0030H
0030 E530              4     MOV A, 30H
0032 8531F0            5     MOV B, 31H
0035 84                6     DIV AB
0036 F532              7     MOV 32H, A
0038 85F033            8     MOV 33H, B
003B 80FE              9     HERE:SJMP HERE
                      10     END
A51 MACRO ASSEMBLER  DIVELEMENT                                                           05/17/2026 00:29:55 PAGE     2

SYMBOL TABLE LISTING
------ ----- -------


N A M E             T Y P E  V A L U E   ATTRIBUTES

B. . . . . . . . .  D ADDR   00F0H   A   
HERE . . . . . . .  C ADDR   003BH   A   


REGISTER BANK(S) USED: 0 


ASSEMBLY COMPLETE.  0 WARNING(S), 0 ERROR(S)
