BL51 BANKED LINKER/LOCATER V6.22.4.0                                                    05/30/2026  23:30:07  PAGE 1


BL51 BANKED LINKER/LOCATER V6.22.4.0, INVOKED BY:
C:\KEIL_V5\C51\BIN\BL51.EXE .\Objects\STARTUP.obj, .\Objects\assignment.obj TO .\Objects\assignment PRINT (.\Listings\as
>> signment.m51)


MEMORY MODEL: SMALL


INPUT MODULES INCLUDED:
  .\Objects\STARTUP.obj (?C_STARTUP)
  .\Objects\assignment.obj (ASSIGNMENT)


LINK MAP OF MODULE:  .\Objects\assignment (?C_STARTUP)


            TYPE    BASE      LENGTH    RELOCATION   SEGMENT NAME
            -----------------------------------------------------

            * * * * * * *   D A T A   M E M O R Y   * * * * * * *
            REG     0000H     0008H     ABSOLUTE     "REG BANK 0"
            IDATA   0008H     0001H     UNIT         ?STACK

            * * * * * * *   C O D E   M E M O R Y   * * * * * * *
            CODE    0000H     0003H     ABSOLUTE     
                    0003H     07FDH                  *** GAP ***
            CODE    0800H     000FH     UNIT         ?PR?DELAY200US?ASSIGNMENT
            CODE    080FH     000FH     UNIT         ?PR?DELAY300US?ASSIGNMENT
            CODE    081EH     000CH     UNIT         ?C_C51STARTUP
            CODE    082AH     000CH     UNIT         ?PR?MAIN?ASSIGNMENT



OVERLAY MAP OF MODULE:   .\Objects\assignment (?C_STARTUP)


SEGMENT
  +--> CALLED SEGMENT
---------------------
?C_C51STARTUP
  +--> ?PR?MAIN?ASSIGNMENT

?PR?MAIN?ASSIGNMENT
  +--> ?PR?DELAY200US?ASSIGNMENT
  +--> ?PR?DELAY300US?ASSIGNMENT



SYMBOL TABLE OF MODULE:  .\Objects\assignment (?C_STARTUP)

  VALUE           TYPE          NAME
  ----------------------------------

  -------         MODULE        ?C_STARTUP
  C:081EH         SEGMENT       ?C_C51STARTUP
  I:0008H         SEGMENT       ?STACK
  C:0000H         PUBLIC        ?C_STARTUP
  D:00E0H         SYMBOL        ACC
BL51 BANKED LINKER/LOCATER V6.22.4.0                                                  05/30/2026  23:30:07  PAGE 2


  D:00F0H         SYMBOL        B
  D:0083H         SYMBOL        DPH
  D:0082H         SYMBOL        DPL
  N:0000H         SYMBOL        IBPSTACK
  N:0100H         SYMBOL        IBPSTACKTOP
  N:0080H         SYMBOL        IDATALEN
  C:0821H         SYMBOL        IDATALOOP
  N:0000H         SYMBOL        PBPSTACK
  N:0100H         SYMBOL        PBPSTACKTOP
  N:0000H         SYMBOL        PDATALEN
  N:0000H         SYMBOL        PDATASTART
  N:0000H         SYMBOL        PPAGE
  N:0000H         SYMBOL        PPAGEENABLE
  D:00A0H         SYMBOL        PPAGE_SFR
  D:0081H         SYMBOL        SP
  C:081EH         SYMBOL        STARTUP1
  N:0000H         SYMBOL        XBPSTACK
  N:0000H         SYMBOL        XBPSTACKTOP
  N:0000H         SYMBOL        XDATALEN
  N:0000H         SYMBOL        XDATASTART
  C:0000H         LINE#         126
  C:081EH         LINE#         133
  C:0820H         LINE#         134
  C:0821H         LINE#         135
  C:0822H         LINE#         136
  C:0824H         LINE#         185
  C:0827H         LINE#         196
  -------         ENDMOD        ?C_STARTUP

  -------         MODULE        ASSIGNMENT
  C:0000H         SYMBOL        _ICE_DUMMY_
  D:0090H         PUBLIC        P1
  C:0800H         PUBLIC        delay200us
  C:080FH         PUBLIC        delay300us
  C:082AH         PUBLIC        main
  B:0090H.0       PUBLIC        pulse
  -------         PROC          MAIN
  C:082AH         LINE#         8
  C:082AH         LINE#         9
  C:082AH         LINE#         10
  C:082AH         LINE#         11
  C:082AH         LINE#         12
  C:082CH         LINE#         13
  C:082FH         LINE#         15
  C:0831H         LINE#         16
  C:0834H         LINE#         17
  -------         ENDPROC       MAIN
  -------         PROC          DELAY200US
  -------         DO            
  D:0006H         SYMBOL        i
  -------         ENDDO         
  C:0800H         LINE#         20
  C:0800H         LINE#         21
  C:0800H         LINE#         23
  C:080EH         LINE#         24
  -------         ENDPROC       DELAY200US
  -------         PROC          DELAY300US
BL51 BANKED LINKER/LOCATER V6.22.4.0                                                  05/30/2026  23:30:07  PAGE 3


  -------         DO            
  D:0006H         SYMBOL        i
  -------         ENDDO         
  C:080FH         LINE#         26
  C:080FH         LINE#         27
  C:080FH         LINE#         29
  C:081DH         LINE#         30
  -------         ENDPROC       DELAY300US
  -------         ENDMOD        ASSIGNMENT

******************************************************************************
* RESTRICTED VERSION WITH 0800H BYTE CODE SIZE LIMIT; USED: 0039H BYTE ( 2%) *
******************************************************************************

Program Size: data=9.0 xdata=0 code=57
LINK/LOCATE RUN COMPLETE.  0 WARNING(S),  0 ERROR(S)
