BL51 BANKED LINKER/LOCATER V6.22.4.0                                                    05/16/2026  23:25:28  PAGE 1


BL51 BANKED LINKER/LOCATER V6.22.4.0, INVOKED BY:
C:\KEIL_V5\C51\BIN\BL51.EXE .\Objects\STARTUP.obj, .\Objects\squareofnumber.obj TO .\Objects\squareofnumber PRINT (.\Lis
>> tings\squareofnumber.m51)


MEMORY MODEL: SMALL


INPUT MODULES INCLUDED:
  .\Objects\STARTUP.obj (?C_STARTUP)
  .\Objects\squareofnumber.obj (SQUAREOFNUMBER)
  C:\KEIL_V5\C51\LIB\C51S.LIB (?C?COPY)


LINK MAP OF MODULE:  .\Objects\squareofnumber (?C_STARTUP)


            TYPE    BASE      LENGTH    RELOCATION   SEGMENT NAME
            -----------------------------------------------------

            * * * * * * *   D A T A   M E M O R Y   * * * * * * *
            REG     0000H     0008H     ABSOLUTE     "REG BANK 0"
            DATA    0008H     0014H     UNIT         _DATA_GROUP_
            IDATA   001CH     0001H     UNIT         ?STACK

            * * * * * * *   C O D E   M E M O R Y   * * * * * * *
            CODE    0000H     0003H     ABSOLUTE     
                    0003H     07FDH                  *** GAP ***
            CODE    0800H     00F6H     UNIT         ?C?LIB_CODE
            CODE    08F6H     0038H     UNIT         ?PR?MAIN?SQUAREOFNUMBER
            CODE    092EH     0014H     UNIT         ?CO?SQUAREOFNUMBER
            CODE    0942H     000CH     UNIT         ?C_C51STARTUP



OVERLAY MAP OF MODULE:   .\Objects\squareofnumber (?C_STARTUP)


SEGMENT                           DATA_GROUP 
  +--> CALLED SEGMENT           START    LENGTH
-----------------------------------------------
?C_C51STARTUP                   -----    -----
  +--> ?PR?MAIN?SQUAREOFNUMBER

?PR?MAIN?SQUAREOFNUMBER         0008H    0014H
  +--> ?CO?SQUAREOFNUMBER



SYMBOL TABLE OF MODULE:  .\Objects\squareofnumber (?C_STARTUP)

  VALUE           TYPE          NAME
  ----------------------------------

  -------         MODULE        ?C_STARTUP
  C:0942H         SEGMENT       ?C_C51STARTUP
  I:001CH         SEGMENT       ?STACK
  C:0000H         PUBLIC        ?C_STARTUP
BL51 BANKED LINKER/LOCATER V6.22.4.0                                                  05/16/2026  23:25:28  PAGE 2


  D:00E0H         SYMBOL        ACC
  D:00F0H         SYMBOL        B
  D:0083H         SYMBOL        DPH
  D:0082H         SYMBOL        DPL
  N:0000H         SYMBOL        IBPSTACK
  N:0100H         SYMBOL        IBPSTACKTOP
  N:0080H         SYMBOL        IDATALEN
  C:0945H         SYMBOL        IDATALOOP
  N:0000H         SYMBOL        PBPSTACK
  N:0100H         SYMBOL        PBPSTACKTOP
  N:0000H         SYMBOL        PDATALEN
  N:0000H         SYMBOL        PDATASTART
  N:0000H         SYMBOL        PPAGE
  N:0000H         SYMBOL        PPAGEENABLE
  D:00A0H         SYMBOL        PPAGE_SFR
  D:0081H         SYMBOL        SP
  C:0942H         SYMBOL        STARTUP1
  N:0000H         SYMBOL        XBPSTACK
  N:0000H         SYMBOL        XBPSTACKTOP
  N:0000H         SYMBOL        XDATALEN
  N:0000H         SYMBOL        XDATASTART
  C:0000H         LINE#         126
  C:0942H         LINE#         133
  C:0944H         LINE#         134
  C:0945H         LINE#         135
  C:0946H         LINE#         136
  C:0948H         LINE#         185
  C:094BH         LINE#         196
  -------         ENDMOD        ?C_STARTUP

  -------         MODULE        SQUAREOFNUMBER
  C:0000H         SYMBOL        _ICE_DUMMY_
  D:0080H         PUBLIC        P0
  D:0090H         PUBLIC        P1
  C:08F6H         PUBLIC        main
  C:092EH         SYMBOL        _?ix1000
  -------         PROC          MAIN
  -------         DO            
  D:0006H         SYMBOL        i
  D:0007H         SYMBOL        num
  D:0008H         SYMBOL        squares
  -------         ENDDO         
  C:08F6H         LINE#         2
  C:08F6H         LINE#         3
  C:08F6H         LINE#         5
  C:0909H         LINE#         6
  C:090BH         LINE#         7
  C:090DH         LINE#         8
  C:090DH         LINE#         9
  C:091EH         LINE#         10
  C:091EH         LINE#         11
  C:0928H         LINE#         12
  C:0929H         LINE#         13
  C:0929H         LINE#         14
  C:092DH         LINE#         15
  -------         ENDPROC       MAIN
  -------         ENDMOD        SQUAREOFNUMBER
BL51 BANKED LINKER/LOCATER V6.22.4.0                                                  05/16/2026  23:25:28  PAGE 3



  -------         MODULE        ?C?COPY
  C:08D0H         PUBLIC        ?C?COPY
  -------         ENDMOD        ?C?COPY

******************************************************************************
* RESTRICTED VERSION WITH 0800H BYTE CODE SIZE LIMIT; USED: 005BH BYTE ( 4%) *
******************************************************************************

Program Size: data=29.0 xdata=0 code=337
LINK/LOCATE RUN COMPLETE.  0 WARNING(S),  0 ERROR(S)
